[2024-08-06 08:11:52] log.INFO: Entry: GET: Login [] []
[2024-08-06 08:11:52] log.INFO: Msg: DB connected [] []
[2024-08-06 08:11:52] log.INFO: Msg: DB connection closed [] []
[2024-08-06 08:11:52] log.INFO: SQL execute SQL #0: SQL execute OK! | SQL #1: SQL execute OK! |  [] []
[2024-08-06 08:11:52] log.INFO: Entry: invoices: get header [] []
[2024-08-06 08:11:52] log.INFO: Msg: DB connected [] []
[2024-08-06 08:11:52] log.INFO: Msg: DB connection closed [] []
[2024-08-06 08:11:52] log.INFO: SQL execute SQL #0: SQL execute OK! | SQL #1: SQL execute OK! | SQL #2: SQL execute OK! | SQL #3: SQL execute OK! | SQL #4: SQL execute OK! |  [] []
[2024-08-06 08:11:52] log.INFO: Entry: invoices: get invoices by trans_code [] []
[2024-08-06 08:11:52] log.INFO: Msg: DB connected [] []
[2024-08-06 08:11:52] log.INFO: Msg: DB connection closed [] []
[2024-08-06 08:11:52] log.INFO: SQL execute SQL #0: SQL execute OK! | SQL #1: SQL execute OK! |  [] []
[2024-08-06 08:25:52] log.INFO: Entry: GET: Login [] []
[2024-08-06 08:25:52] log.INFO: Msg: DB connected [] []
[2024-08-06 08:25:52] log.INFO: Msg: DB connection closed [] []
[2024-08-06 08:25:52] log.INFO: SQL execute SQL #0: SQL execute OK! | SQL #1: SQL execute OK! |  [] []
[2024-08-06 08:25:52] log.INFO: Entry: invoices: get header [] []
[2024-08-06 08:25:52] log.INFO: Msg: DB connected [] []
[2024-08-06 08:25:52] log.INFO: Msg: DB connection closed [] []
[2024-08-06 08:25:52] log.INFO: SQL execute SQL #0: SQL execute OK! | SQL #1: SQL execute OK! | SQL #2: SQL execute OK! | SQL #3: SQL execute OK! | SQL #4: SQL execute OK! |  [] []
[2024-08-06 08:25:52] log.INFO: Entry: invoices: get invoices by trans_code [] []
[2024-08-06 08:25:52] log.INFO: Msg: DB connected [] []
[2024-08-06 08:25:52] log.INFO: Msg: DB connection closed [] []
[2024-08-06 08:25:52] log.INFO: SQL execute SQL #0: SQL execute OK! | SQL #1: SQL execute OK! |  [] []
[2024-08-06 08:31:55] log.INFO: Entry: GET: Login [] []
[2024-08-06 08:31:55] log.INFO: Msg: DB connected [] []
[2024-08-06 08:31:55] log.INFO: Msg: DB connection closed [] []
[2024-08-06 08:31:55] log.INFO: SQL execute SQL #0: SQL execute OK! | SQL #1: SQL execute OK! |  [] []
[2024-08-06 08:31:55] log.INFO: Entry: invoices: get header [] []
[2024-08-06 08:31:55] log.INFO: Msg: DB connected [] []
[2024-08-06 08:31:55] log.INFO: Msg: DB connection closed [] []
[2024-08-06 08:31:55] log.INFO: SQL execute SQL #0: SQL execute OK! | SQL #1: SQL execute OK! | SQL #2: SQL execute OK! | SQL #3: SQL execute OK! | SQL #4: SQL execute OK! |  [] []
[2024-08-06 08:31:55] log.INFO: Entry: invoices: get invoices by trans_code [] []
[2024-08-06 08:31:55] log.INFO: Msg: DB connected [] []
[2024-08-06 08:31:55] log.INFO: Msg: DB connection closed [] []
[2024-08-06 08:31:55] log.INFO: SQL execute SQL #0: SQL execute OK! | SQL #1: SQL execute OK! |  [] []
[2024-08-06 08:31:58] log.INFO: Entry: GET: Login [] []
[2024-08-06 08:31:58] log.INFO: Msg: DB connected [] []
[2024-08-06 08:31:58] log.INFO: Msg: DB connection closed [] []
[2024-08-06 08:31:58] log.INFO: SQL execute SQL #0: SQL execute OK! | SQL #1: SQL execute OK! |  [] []
[2024-08-06 08:31:58] log.INFO: Entry: invoices: get header [] []
[2024-08-06 08:31:58] log.INFO: Msg: DB connected [] []
[2024-08-06 08:31:58] log.INFO: Msg: DB connection closed [] []
[2024-08-06 08:31:58] log.INFO: SQL execute SQL #0: SQL execute OK! | SQL #1: SQL execute OK! | SQL #2: SQL execute OK! | SQL #3: SQL execute OK! | SQL #4: SQL execute OK! |  [] []
[2024-08-06 08:31:58] log.INFO: Entry: invoices: get invoices by trans_code [] []
[2024-08-06 08:31:58] log.INFO: Msg: DB connected [] []
[2024-08-06 08:31:58] log.INFO: Msg: DB connection closed [] []
[2024-08-06 08:31:58] log.INFO: SQL execute SQL #0: SQL execute OK! | SQL #1: SQL execute OK! |  [] []
[2024-08-06 08:33:12] log.INFO: Entry: invoices: getnextnum [] []
[2024-08-06 08:33:12] log.INFO: Msg: DB connected [] []
[2024-08-06 08:33:12] log.INFO: Msg: DB connection closed [] []
[2024-08-06 08:33:12] log.INFO: SQL execute SQL #0: SQL execute OK! | SQL #1: SQL execute OK! | SQL #2: SQL execute OK! |  [] []
[2024-08-06 08:33:12] log.INFO: Entry: Delete: Transaction Discard Function, session_id: 66b1bcff1f785 [] []
[2024-08-06 08:33:12] log.INFO: Msg: DB connected [] []
[2024-08-06 08:33:12] log.INFO: Msg: DB commit [] []
[2024-08-06 08:33:12] log.INFO: Msg: DB connection closed [] []
[2024-08-06 08:33:12] log.INFO: SQL execute SQL #0: SQL execute OK! |  [] []
[2024-08-06 08:33:12] log.INFO: Entry: GET: Login [] []
[2024-08-06 08:33:12] log.INFO: Msg: DB connected [] []
[2024-08-06 08:33:12] log.INFO: Msg: DB connection closed [] []
[2024-08-06 08:33:12] log.INFO: SQL execute SQL #0: SQL execute OK! | SQL #1: SQL execute OK! |  [] []
[2024-08-06 08:33:12] log.INFO: Entry: invoices: get header [] []
[2024-08-06 08:33:12] log.INFO: Msg: DB connected [] []
[2024-08-06 08:33:12] log.INFO: Msg: DB connection closed [] []
[2024-08-06 08:33:12] log.INFO: SQL execute SQL #0: SQL execute OK! | SQL #1: SQL execute OK! | SQL #2: SQL execute OK! | SQL #3: SQL execute OK! | SQL #4: SQL execute OK! |  [] []
[2024-08-06 08:34:46] log.INFO: Entry: GET: Login [] []
[2024-08-06 08:34:46] log.INFO: Msg: DB connected [] []
[2024-08-06 08:34:46] log.INFO: Msg: DB connection closed [] []
[2024-08-06 08:34:46] log.INFO: SQL execute SQL #0: SQL execute OK! | SQL #1: SQL execute OK! |  [] []
[2024-08-06 08:34:46] log.INFO: Entry: invoices: get header [] []
[2024-08-06 08:34:46] log.INFO: Msg: DB connected [] []
[2024-08-06 08:34:46] log.INFO: Msg: DB connection closed [] []
[2024-08-06 08:34:46] log.INFO: SQL execute SQL #0: SQL execute OK! | SQL #1: SQL execute OK! | SQL #2: SQL execute OK! | SQL #3: SQL execute OK! | SQL #4: SQL execute OK! |  [] []
[2024-08-06 08:34:46] log.INFO: Entry: Delete: Transaction Discard Function, session_id: 66b1c3a8a9a76 [] []
[2024-08-06 08:34:46] log.INFO: Msg: DB connected [] []
[2024-08-06 08:34:46] log.INFO: Msg: DB commit [] []
[2024-08-06 08:34:46] log.INFO: Msg: DB connection closed [] []
[2024-08-06 08:34:46] log.INFO: SQL execute SQL #0: SQL execute OK! |  [] []
[2024-08-06 08:35:35] log.INFO: Entry: GET: Login [] []
[2024-08-06 08:35:35] log.INFO: Msg: DB connected [] []
[2024-08-06 08:35:35] log.INFO: Msg: DB connection closed [] []
[2024-08-06 08:35:35] log.INFO: SQL execute SQL #0: SQL execute OK! | SQL #1: SQL execute OK! |  [] []
[2024-08-06 08:35:35] log.INFO: Entry: invoices: get header [] []
[2024-08-06 08:35:35] log.INFO: Msg: DB connected [] []
[2024-08-06 08:35:35] log.INFO: Msg: DB connection closed [] []
[2024-08-06 08:35:35] log.INFO: SQL execute SQL #0: SQL execute OK! | SQL #1: SQL execute OK! | SQL #2: SQL execute OK! | SQL #3: SQL execute OK! | SQL #4: SQL execute OK! |  [] []
[2024-08-06 08:35:35] log.INFO: Entry: Delete: Transaction Discard Function, session_id: 66b1c3a8a9a76 [] []
[2024-08-06 08:35:35] log.INFO: Msg: DB connected [] []
[2024-08-06 08:35:35] log.INFO: Msg: DB commit [] []
[2024-08-06 08:35:35] log.INFO: Msg: DB connection closed [] []
[2024-08-06 08:35:35] log.INFO: SQL execute SQL #0: SQL execute OK! |  [] []
[2024-08-06 08:37:00] log.INFO: Entry: GET: Login [] []
[2024-08-06 08:37:00] log.INFO: Msg: DB connected [] []
[2024-08-06 08:37:00] log.INFO: Msg: DB connection closed [] []
[2024-08-06 08:37:00] log.INFO: SQL execute SQL #0: SQL execute OK! | SQL #1: SQL execute OK! |  [] []
[2024-08-06 08:37:00] log.INFO: Entry: invoices: get header [] []
[2024-08-06 08:37:00] log.INFO: Msg: DB connected [] []
[2024-08-06 08:37:00] log.INFO: Msg: DB connection closed [] []
[2024-08-06 08:37:00] log.INFO: SQL execute SQL #0: SQL execute OK! | SQL #1: SQL execute OK! | SQL #2: SQL execute OK! | SQL #3: SQL execute OK! | SQL #4: SQL execute OK! |  [] []
[2024-08-06 08:37:00] log.INFO: Entry: Delete: Transaction Discard Function, session_id: 66b1c3a8a9a76 [] []
[2024-08-06 08:37:00] log.INFO: Msg: DB connected [] []
[2024-08-06 08:37:00] log.INFO: Msg: DB commit [] []
[2024-08-06 08:37:00] log.INFO: Msg: DB connection closed [] []
[2024-08-06 08:37:00] log.INFO: SQL execute SQL #0: SQL execute OK! |  [] []
[2024-08-06 08:37:23] log.INFO: Entry: GET: Login [] []
[2024-08-06 08:37:23] log.INFO: Msg: DB connected [] []
[2024-08-06 08:37:23] log.INFO: Msg: DB connection closed [] []
[2024-08-06 08:37:23] log.INFO: SQL execute SQL #0: SQL execute OK! | SQL #1: SQL execute OK! |  [] []
[2024-08-06 08:37:24] log.INFO: Entry: quotations: get header [] []
[2024-08-06 08:37:24] log.INFO: Msg: DB connected [] []
[2024-08-06 08:37:24] log.INFO: Msg: DB connection closed [] []
[2024-08-06 08:37:24] log.INFO: SQL execute SQL #0: SQL execute OK! | SQL #1: SQL execute OK! | SQL #2: SQL execute OK! |  [] []
[2024-08-06 08:37:24] log.INFO: Entry: quotations: get all quotations [] []
[2024-08-06 08:37:24] log.INFO: Msg: DB connected [] []
[2024-08-06 08:37:24] log.INFO: Msg: DB connection closed [] []
[2024-08-06 08:37:24] log.INFO: SQL execute SQL #0: SQL execute OK! |  [] []
[2024-08-06 08:37:24] log.INFO: Entry: Delete: Transaction Discard Function, session_id: 66b1c3a8a9a76 [] []
[2024-08-06 08:37:24] log.INFO: Msg: DB connected [] []
[2024-08-06 08:37:24] log.INFO: Msg: DB commit [] []
[2024-08-06 08:37:24] log.INFO: Msg: DB connection closed [] []
[2024-08-06 08:37:24] log.INFO: SQL execute SQL #0: SQL execute OK! |  [] []
[2024-08-06 10:20:11] log.INFO: Entry: GET: Login [] []
[2024-08-06 10:20:11] log.INFO: Msg: DB connected [] []
[2024-08-06 10:20:11] log.INFO: Msg: DB connection closed [] []
[2024-08-06 10:20:11] log.INFO: SQL execute SQL #0: SQL execute OK! | SQL #1: SQL execute OK! |  [] []
[2024-08-06 10:20:11] log.INFO: Entry: quotations: get header [] []
[2024-08-06 10:20:11] log.INFO: Msg: DB connected [] []
[2024-08-06 10:20:11] log.INFO: Msg: DB connection closed [] []
[2024-08-06 10:20:11] log.INFO: SQL execute SQL #0: SQL execute OK! | SQL #1: SQL execute OK! | SQL #2: SQL execute OK! |  [] []
[2024-08-06 10:20:11] log.INFO: Entry: quotations: get all quotations [] []
[2024-08-06 10:20:11] log.INFO: Msg: DB connected [] []
[2024-08-06 10:20:11] log.INFO: Msg: DB connection closed [] []
[2024-08-06 10:20:11] log.INFO: SQL execute SQL #0: SQL execute OK! |  [] []
[2024-08-06 10:20:23] log.INFO: Entry: quotations: getnextnum [] []
[2024-08-06 10:20:23] log.INFO: Msg: DB connected [] []
[2024-08-06 10:20:23] log.INFO: Msg: DB connection closed [] []
[2024-08-06 10:20:23] log.INFO: SQL execute SQL #0: SQL execute OK! | SQL #1: SQL execute OK! | SQL #2: SQL execute OK! |  [] []
[2024-08-06 10:20:23] log.INFO: Entry: GET: Login [] []
[2024-08-06 10:20:23] log.INFO: Msg: DB connected [] []
[2024-08-06 10:20:23] log.INFO: Msg: DB connection closed [] []
[2024-08-06 10:20:23] log.INFO: SQL execute SQL #0: SQL execute OK! | SQL #1: SQL execute OK! |  [] []
[2024-08-06 10:20:23] log.INFO: Entry: quotations: get header [] []
[2024-08-06 10:20:23] log.INFO: Msg: DB connected [] []
[2024-08-06 10:20:23] log.INFO: Msg: DB connection closed [] []
[2024-08-06 10:20:23] log.INFO: SQL execute SQL #0: SQL execute OK! | SQL #1: SQL execute OK! | SQL #2: SQL execute OK! |  [] []
[2024-08-06 10:20:25] log.INFO: Entry: GET: Login [] []
[2024-08-06 10:20:25] log.INFO: Msg: DB connected [] []
[2024-08-06 10:20:25] log.INFO: Msg: DB connection closed [] []
[2024-08-06 10:20:25] log.INFO: SQL execute SQL #0: SQL execute OK! | SQL #1: SQL execute OK! |  [] []
[2024-08-06 10:20:25] log.INFO: Entry: quotations: get header [] []
[2024-08-06 10:20:25] log.INFO: Msg: DB connected [] []
[2024-08-06 10:20:25] log.INFO: Msg: DB connection closed [] []
[2024-08-06 10:20:25] log.INFO: SQL execute SQL #0: SQL execute OK! | SQL #1: SQL execute OK! | SQL #2: SQL execute OK! |  [] []
[2024-08-06 10:20:25] log.INFO: Entry: quotations: get all quotations [] []
[2024-08-06 10:20:25] log.INFO: Msg: DB connected [] []
[2024-08-06 10:20:25] log.INFO: Msg: DB connection closed [] []
[2024-08-06 10:20:25] log.INFO: SQL execute SQL #0: SQL execute OK! |  [] []
[2024-08-06 10:25:26] log.INFO: Entry: GET: Login [] []
[2024-08-06 10:25:26] log.INFO: Msg: DB connected [] []
[2024-08-06 10:25:26] log.INFO: Msg: DB connection closed [] []
[2024-08-06 10:25:26] log.INFO: SQL execute SQL #0: SQL execute OK! | SQL #1: SQL execute OK! |  [] []
[2024-08-06 10:25:26] log.INFO: Entry: quotations: get header [] []
[2024-08-06 10:25:26] log.INFO: Msg: DB connected [] []
[2024-08-06 10:25:26] log.INFO: Msg: DB connection closed [] []
[2024-08-06 10:25:26] log.INFO: SQL execute SQL #0: SQL execute OK! | SQL #1: SQL execute OK! | SQL #2: SQL execute OK! |  [] []
[2024-08-06 10:25:26] log.INFO: Entry: quotations: get all quotations [] []
[2024-08-06 10:25:26] log.INFO: Msg: DB connected [] []
[2024-08-06 10:25:26] log.INFO: Msg: DB connection closed [] []
[2024-08-06 10:25:26] log.INFO: SQL execute SQL #0: SQL execute OK! |  [] []
[2024-08-06 10:25:29] log.INFO: Entry: GET: Login [] []
[2024-08-06 10:25:29] log.INFO: Msg: DB connected [] []
[2024-08-06 10:25:29] log.INFO: Msg: DB connection closed [] []
[2024-08-06 10:25:29] log.INFO: SQL execute SQL #0: SQL execute OK! | SQL #1: SQL execute OK! |  [] []
[2024-08-06 10:25:29] log.INFO: Entry: quotations: get header [] []
[2024-08-06 10:25:29] log.INFO: Msg: DB connected [] []
[2024-08-06 10:25:29] log.INFO: Msg: DB connection closed [] []
[2024-08-06 10:25:29] log.INFO: SQL execute SQL #0: SQL execute OK! | SQL #1: SQL execute OK! | SQL #2: SQL execute OK! |  [] []
[2024-08-06 10:25:29] log.INFO: Entry: quotations: get all quotations [] []
[2024-08-06 10:25:29] log.INFO: Msg: DB connected [] []
[2024-08-06 10:25:29] log.INFO: Msg: DB connection closed [] []
[2024-08-06 10:25:29] log.INFO: SQL execute SQL #0: SQL execute OK! |  [] []
[2024-08-06 10:25:29] log.INFO: Entry: GET: Login [] []
[2024-08-06 10:25:29] log.INFO: Msg: DB connected [] []
[2024-08-06 10:25:29] log.INFO: Msg: DB connection closed [] []
[2024-08-06 10:25:29] log.INFO: SQL execute SQL #0: SQL execute OK! | SQL #1: SQL execute OK! |  [] []
[2024-08-06 10:25:29] log.INFO: Entry: quotations: get header [] []
[2024-08-06 10:25:29] log.INFO: Msg: DB connected [] []
[2024-08-06 10:25:29] log.INFO: Msg: DB connection closed [] []
[2024-08-06 10:25:29] log.INFO: SQL execute SQL #0: SQL execute OK! | SQL #1: SQL execute OK! | SQL #2: SQL execute OK! |  [] []
[2024-08-06 10:25:29] log.INFO: Entry: quotations: get all quotations [] []
[2024-08-06 10:25:29] log.INFO: Msg: DB connected [] []
[2024-08-06 10:25:29] log.INFO: Msg: DB connection closed [] []
[2024-08-06 10:25:29] log.INFO: SQL execute SQL #0: SQL execute OK! |  [] []
[2024-08-06 10:25:29] log.INFO: Entry: GET: Login [] []
[2024-08-06 10:25:29] log.INFO: Msg: DB connected [] []
[2024-08-06 10:25:29] log.INFO: Msg: DB connection closed [] []
[2024-08-06 10:25:29] log.INFO: SQL execute SQL #0: SQL execute OK! | SQL #1: SQL execute OK! |  [] []
[2024-08-06 10:25:29] log.INFO: Entry: quotations: get header [] []
[2024-08-06 10:25:29] log.INFO: Msg: DB connected [] []
[2024-08-06 10:25:29] log.INFO: Msg: DB connection closed [] []
[2024-08-06 10:25:29] log.INFO: SQL execute SQL #0: SQL execute OK! | SQL #1: SQL execute OK! | SQL #2: SQL execute OK! |  [] []
[2024-08-06 10:25:29] log.INFO: Entry: quotations: get all quotations [] []
[2024-08-06 10:25:29] log.INFO: Msg: DB connected [] []
[2024-08-06 10:25:29] log.INFO: Msg: DB connection closed [] []
[2024-08-06 10:25:29] log.INFO: SQL execute SQL #0: SQL execute OK! |  [] []
[2024-08-06 10:25:29] log.INFO: Entry: GET: Login [] []
[2024-08-06 10:25:29] log.INFO: Msg: DB connected [] []
[2024-08-06 10:25:29] log.INFO: Msg: DB connection closed [] []
[2024-08-06 10:25:29] log.INFO: SQL execute SQL #0: SQL execute OK! | SQL #1: SQL execute OK! |  [] []
[2024-08-06 10:25:29] log.INFO: Entry: quotations: get header [] []
[2024-08-06 10:25:29] log.INFO: Msg: DB connected [] []
[2024-08-06 10:25:29] log.INFO: Msg: DB connection closed [] []
[2024-08-06 10:25:29] log.INFO: SQL execute SQL #0: SQL execute OK! | SQL #1: SQL execute OK! | SQL #2: SQL execute OK! |  [] []
[2024-08-06 10:25:29] log.INFO: Entry: quotations: get all quotations [] []
[2024-08-06 10:25:29] log.INFO: Msg: DB connected [] []
[2024-08-06 10:25:29] log.INFO: Msg: DB connection closed [] []
[2024-08-06 10:25:29] log.INFO: SQL execute SQL #0: SQL execute OK! |  [] []
[2024-08-06 10:25:49] log.INFO: Entry: GET: Login [] []
[2024-08-06 10:25:49] log.INFO: Msg: DB connected [] []
[2024-08-06 10:25:49] log.INFO: Msg: DB connection closed [] []
[2024-08-06 10:25:49] log.INFO: SQL execute SQL #0: SQL execute OK! | SQL #1: SQL execute OK! |  [] []
[2024-08-06 10:25:49] log.INFO: Entry: invoices: get header [] []
[2024-08-06 10:25:49] log.INFO: Msg: DB connected [] []
[2024-08-06 10:25:49] log.INFO: Msg: DB connection closed [] []
[2024-08-06 10:25:49] log.INFO: SQL execute SQL #0: SQL execute OK! | SQL #1: SQL execute OK! | SQL #2: SQL execute OK! | SQL #3: SQL execute OK! | SQL #4: SQL execute OK! |  [] []
[2024-08-06 10:25:49] log.INFO: Entry: invoices: get all invoices [] []
[2024-08-06 10:25:49] log.INFO: Msg: DB connected [] []
[2024-08-06 10:25:49] log.INFO: Msg: DB connection closed [] []
[2024-08-06 10:25:49] log.INFO: SQL execute SQL #0: SQL execute OK! |  [] []
[2024-08-06 10:26:00] log.INFO: Entry: GET: Login [] []
[2024-08-06 10:26:00] log.INFO: Msg: DB connected [] []
[2024-08-06 10:26:00] log.INFO: Msg: DB connection closed [] []
[2024-08-06 10:26:00] log.INFO: SQL execute SQL #0: SQL execute OK! | SQL #1: SQL execute OK! |  [] []
[2024-08-06 10:26:00] log.INFO: Entry: invoices: get header [] []
[2024-08-06 10:26:00] log.INFO: Msg: DB connected [] []
[2024-08-06 10:26:00] log.INFO: Msg: DB connection closed [] []
[2024-08-06 10:26:00] log.INFO: SQL execute SQL #0: SQL execute OK! | SQL #1: SQL execute OK! | SQL #2: SQL execute OK! | SQL #3: SQL execute OK! | SQL #4: SQL execute OK! |  [] []
[2024-08-06 10:26:00] log.INFO: Entry: invoices: get all invoices [] []
[2024-08-06 10:26:00] log.INFO: Msg: DB connected [] []
[2024-08-06 10:26:00] log.INFO: Msg: DB connection closed [] []
[2024-08-06 10:26:00] log.INFO: SQL execute SQL #0: SQL execute OK! |  [] []
[2024-08-06 10:26:11] log.INFO: Entry: GET: Login [] []
[2024-08-06 10:26:11] log.INFO: Msg: DB connected [] []
[2024-08-06 10:26:11] log.INFO: Msg: DB connection closed [] []
[2024-08-06 10:26:11] log.INFO: SQL execute SQL #0: SQL execute OK! | SQL #1: SQL execute OK! |  [] []
[2024-08-06 10:26:11] log.INFO: Entry: quotations: get header [] []
[2024-08-06 10:26:11] log.INFO: Msg: DB connected [] []
[2024-08-06 10:26:11] log.INFO: Msg: DB connection closed [] []
[2024-08-06 10:26:11] log.INFO: SQL execute SQL #0: SQL execute OK! | SQL #1: SQL execute OK! | SQL #2: SQL execute OK! |  [] []
[2024-08-06 10:26:11] log.INFO: Entry: quotations: get all quotations [] []
[2024-08-06 10:26:11] log.INFO: Msg: DB connected [] []
[2024-08-06 10:26:11] log.INFO: Msg: DB connection closed [] []
[2024-08-06 10:26:11] log.INFO: SQL execute SQL #0: SQL execute OK! |  [] []
[2024-08-06 10:28:18] log.INFO: Entry: GET: Login [] []
[2024-08-06 10:28:18] log.INFO: Msg: DB connected [] []
[2024-08-06 10:28:18] log.INFO: Msg: DB connection closed [] []
[2024-08-06 10:28:18] log.INFO: SQL execute SQL #0: SQL execute OK! | SQL #1: SQL execute OK! |  [] []
[2024-08-06 10:28:18] log.INFO: Entry: quotations: get header [] []
[2024-08-06 10:28:18] log.INFO: Msg: DB connected [] []
[2024-08-06 10:28:18] log.INFO: Msg: DB connection closed [] []
[2024-08-06 10:28:18] log.INFO: SQL execute SQL #0: SQL execute OK! | SQL #1: SQL execute OK! | SQL #2: SQL execute OK! |  [] []
[2024-08-06 10:28:18] log.INFO: Entry: quotations: get all quotations [] []
[2024-08-06 10:28:18] log.INFO: Msg: DB connected [] []
[2024-08-06 10:28:18] log.INFO: Msg: DB connection closed [] []
[2024-08-06 10:28:18] log.INFO: SQL execute SQL #0: SQL execute OK! |  [] []
[2024-08-06 10:31:43] log.INFO: Entry: GET: Login [] []
[2024-08-06 10:31:43] log.INFO: Msg: DB connected [] []
[2024-08-06 10:31:43] log.INFO: Msg: DB connection closed [] []
[2024-08-06 10:31:43] log.INFO: SQL execute SQL #0: SQL execute OK! | SQL #1: SQL execute OK! |  [] []
[2024-08-06 10:31:43] log.INFO: Entry: quotations: get header [] []
[2024-08-06 10:31:43] log.INFO: Msg: DB connected [] []
[2024-08-06 10:31:43] log.INFO: Msg: DB connection closed [] []
[2024-08-06 10:31:43] log.INFO: SQL execute SQL #0: SQL execute OK! | SQL #1: SQL execute OK! | SQL #2: SQL execute OK! |  [] []
[2024-08-06 10:31:43] log.INFO: Entry: quotations: get all quotations [] []
[2024-08-06 10:31:43] log.INFO: Msg: DB connected [] []
[2024-08-06 10:31:43] log.INFO: Msg: DB connection closed [] []
[2024-08-06 10:31:43] log.INFO: SQL execute SQL #0: SQL execute OK! |  [] []
[2024-08-06 10:33:20] log.INFO: Entry: GET: Login [] []
[2024-08-06 10:33:20] log.INFO: Msg: DB connected [] []
[2024-08-06 10:33:20] log.INFO: Msg: DB connection closed [] []
[2024-08-06 10:33:20] log.INFO: SQL execute SQL #0: SQL execute OK! | SQL #1: SQL execute OK! |  [] []
[2024-08-06 10:33:20] log.INFO: Entry: quotations: get header [] []
[2024-08-06 10:33:20] log.INFO: Msg: DB connected [] []
[2024-08-06 10:33:20] log.INFO: Msg: DB connection closed [] []
[2024-08-06 10:33:20] log.INFO: SQL execute SQL #0: SQL execute OK! | SQL #1: SQL execute OK! | SQL #2: SQL execute OK! |  [] []
[2024-08-06 10:33:20] log.INFO: Entry: quotations: get all quotations [] []
[2024-08-06 10:33:20] log.INFO: Msg: DB connected [] []
[2024-08-06 10:33:20] log.INFO: Msg: DB connection closed [] []
[2024-08-06 10:33:20] log.INFO: SQL execute SQL #0: SQL execute OK! |  [] []
[2024-08-06 10:34:28] log.INFO: Entry: GET: Login [] []
[2024-08-06 10:34:28] log.INFO: Msg: DB connected [] []
[2024-08-06 10:34:28] log.INFO: Msg: DB connection closed [] []
[2024-08-06 10:34:28] log.INFO: SQL execute SQL #0: SQL execute OK! | SQL #1: SQL execute OK! |  [] []
[2024-08-06 10:34:28] log.INFO: Entry: quotations: get header [] []
[2024-08-06 10:34:28] log.INFO: Msg: DB connected [] []
[2024-08-06 10:34:28] log.INFO: Msg: DB connection closed [] []
[2024-08-06 10:34:28] log.INFO: SQL execute SQL #0: SQL execute OK! | SQL #1: SQL execute OK! | SQL #2: SQL execute OK! |  [] []
[2024-08-06 10:34:28] log.INFO: Entry: quotations: get all quotations [] []
[2024-08-06 10:34:28] log.INFO: Msg: DB connected [] []
[2024-08-06 10:34:28] log.INFO: Msg: DB connection closed [] []
[2024-08-06 10:34:28] log.INFO: SQL execute SQL #0: SQL execute OK! |  [] []
